// Jest Snapshot v1, https://goo.gl/fbAQLP

exports[`should render RegCatalogs correctly 1`] = `
<div
  className="container"
>
  <div
    className="row mb-2 mb-md-5"
    key="910244132"
  >
    <div
      className="col-12"
    >
      <div>
        <h2
          className="fdk-text-strong mb-4"
        >
          RAMSUND OG ROGNAN REVISJON
        </h2>
      </div>
      <CardGroup
        tag="div"
      />
    </div>
  </div>
</div>
`;
