// Jest Snapshot v1, https://goo.gl/fbAQLP

exports[`should render ListItem correctly with props 1`] = `
<div>
  <div
    className="fdk-list-header d-flex"
  >
    <div
      className="d-flex align-items-center w-75"
    >
      <span
        className="header-item mr-1"
      >
        Tittel
      </span>
      <SortButtons
        field="title"
        onSortField={[MockFunction]}
        sortField="title"
        sortType="asc"
      />
    </div>
    <div
      className="d-flex align-items-center w-25"
    >
      <span
        className="header-item mr-1"
      >
        Status
      </span>
      <SortButtons
        field="registrationStatus"
        onSortField={[MockFunction]}
        sortField="title"
        sortType="asc"
      />
    </div>
  </div>
  <ListItem
    key="1"
    path="/catalogs/123/datasets/1"
    status="DRAFT"
    title="Test item"
  />
  <ListItem
    key="2"
    path="/catalogs/123/datasets/2"
    status="PUBLISH"
    title="Test item"
  />
</div>
`;
