// Jest Snapshot v1, https://goo.gl/fbAQLP

exports[`should render ApiImportPage correctly 1`] = `
<div
  className="container"
>
  <div
    className="row mb-5"
  >
    <div
      className="col-12"
    >
      <h1>
        Registrer ny API-beskrivelse
      </h1>
    </div>
  </div>
  <div
    className="row"
  >
    <div
      className="col-12"
    >
      <ImportDialog
        handleFileUpload={[Function]}
        showLinkImport={[Function]}
      />
    </div>
  </div>
</div>
`;
