// Jest Snapshot v1, https://goo.gl/fbAQLP

exports[`should render FormContactPoint correctly 1`] = `
<form>
  <div
    className="form-group"
  >
    <withState(withHandlers(Helptext))
      helptextItems={
        Object {
          "description": Object {
            "nb": "Kontaktpunkt angis med organisasjonsenhet
Dette kan være navnet til en gruppe, avdeling, seksjon eller liknende i organisasjonen. ",
          },
          "id": "ContactPoint_organizational-unit",
          "shortdesc": Object {
            "nb": "Kontaktpunkt angis med organisasjonsenhet
Dette kan være navnet til en gruppe, avdeling, seksjon eller liknende i organisasjonen.",
          },
          "uri": "http://brreg.no/fdk/fields#ContactPoint_organizational-unit",
        }
      }
      title="Kontaktpunkt"
    />
    <Field
      component={[Function]}
      label="Kontaktpunkt"
      name="contactPoint[0].organizationUnit"
    />
  </div>
  <div
    className="form-group"
  >
    <withState(withHandlers(Helptext))
      helptextItems={
        Object {
          "description": Object {
            "nb": "Angi referanse til kontaktskjema på web dersom dette er en ønsket kontaktform",
          },
          "id": "ContactPoint_hasURL",
          "shortdesc": Object {
            "nb": "Angi referanse til kontaktskjema på web dersom dette er en ønsket kontaktform",
          },
          "uri": "http://brreg.no/fdk/fields#ContactPoint_hasURL",
        }
      }
      title="Kontaktskjema"
    />
    <Field
      component={[Function]}
      label="Kontaktskjema"
      name="contactPoint[0].hasURL"
    />
  </div>
  <div
    className="form-group"
  >
    <withState(withHandlers(Helptext))
      helptextItems={
        Object {
          "description": Object {
            "nb": "Angi e-postadresse for kontaktpunktet dersom dette er en ønsket kontaktform",
          },
          "id": "ContactPoint_hasEmail",
          "shortdesc": Object {
            "nb": "Angi e-postadresse for kontaktpunktet dersom dette er en ønsket kontaktform",
          },
          "uri": "http://brreg.no/fdk/fields#ContactPoint_hasEmail",
        }
      }
      title="E-post"
    />
    <Field
      component={[Function]}
      label="E-post"
      name="contactPoint[0].email"
    />
  </div>
  <div
    className="form-group"
  >
    <withState(withHandlers(Helptext))
      helptextItems={
        Object {
          "description": Object {
            "nb": "Angi telefonnummer for kontaktpunktet dersom dette er en ønsket kontaktform",
          },
          "id": "ContactPoint_hasTelephone",
          "shortdesc": Object {
            "nb": "Angi telefonnummer for kontaktpunktet dersom dette er en ønsket kontaktform",
          },
          "uri": "http://brreg.no/fdk/fields#ContactPoint_hasTelephone",
        }
      }
      title="Telefon"
    />
    <div
      className="w-50"
    >
      <Field
        component={[Function]}
        label="Telefon"
        name="contactPoint[0].hasTelephone"
      />
    </div>
  </div>
</form>
`;
