// Jest Snapshot v1, https://goo.gl/fbAQLP

exports[`should render FormThemes correctly 1`] = `""`;

exports[`should render FormThemes correctly with theme 1`] = `
<form>
  <div
    className="form-group"
  >
    <withState(withHandlers(Helptext))
      helptextItems={
        Object {
          "description": Object {
            "nb": "For å kunne sortere datasettet inn under gitte kategorier er det behov for tema
* Ett eller flere temaer velges fra den kontrollerte listen av EU-temaer.",
          },
          "id": "Dataset_theme",
          "shortdesc": Object {
            "nb": "Ett eller flere temaer velges fra den kontrollerte listen av EU-temaer",
          },
          "uri": "http://brreg.no/fdk/fields#Dataset_theme",
        }
      }
      title="Tema"
    />
    <Field
      component={[Function]}
      name="theme"
      themesItems={
        Array [
          Object {
            "code": "AGRI",
            "conceptSchema": Object {
              "id": "http://publications.europa.eu/resource/authority/data-theme",
              "title": Object {
                "en": "Dataset types Named Authority List",
              },
              "versioninfo": "20160921-0",
              "versionnumber": "20160921-0",
            },
            "id": "http://publications.europa.eu/resource/authority/data-theme/AGRI",
            "startUse": "2015-10-01",
            "title": Object {
              "bg": "Селско стопанство, рибарство, горско стопанство и храни",
              "cs": "Zemědělství, rybolov, lesnictví a výživa",
              "da": "Landbrug, fiskeri, skovbrug og fødevarer",
              "de": "Landwirtschaft, Fischerei, Forstwirtschaft und Nahrungsmittel",
              "el": "Γεωργία, αλιεία, δασοκομία και τρόφιμα",
              "en": "Agriculture, fisheries, forestry and food",
              "es": "Agricultura, pesca, silvicultura y alimentación",
              "et": "Põllumajandus, kalandus, metsandus ja toiduained",
              "fi": "Maatalous, kalastus, metsätalous ja elintarvikkeet",
              "fr": "Agriculture, pêche, sylviculture et alimentation",
              "ga": "Talmhaíocht, iascach, foraoiseacht agus bia",
              "hr": "Poljoprivreda, ribarstvo, šumarstvo i hrana",
              "hu": "Mezőgazdaság, halászat, erdészet és élelmiszer",
              "it": "Agricoltura, pesca, silvicoltura e prodotti alimentari",
              "lt": "Žemės ūkis, žuvininkystė, miškininkystė ir maistas",
              "lv": "Lauksaimniecība, zivsaimniecība, mežsaimniecība un pārtika",
              "mt": "Agrikoltura, sajd, forestrija u ikel",
              "nb": "Jordbruk, fiskeri, skogbruk og mat",
              "nl": "Landbouw, visserij, bosbouw en voeding",
              "pl": "Rolnictwo, rybołówstwo, leśnictwo i żywność",
              "pt": "Agricultura, pesca, silvicultura e alimentação",
              "ro": "Agricultură, pescuit, silvicultură şi hrană",
              "sk": "Poľnohospodárstvo, rybné hospodárstvo, lesníctvo a potravinárstvo",
              "sl": "Kmetijstvo, ribištvo, gozdarstvo in prehrana",
              "sv": "Jordbruk, fiske, skogsbruk och livsmedel",
            },
          },
          Object {
            "code": "ECON",
            "conceptSchema": Object {
              "id": "http://publications.europa.eu/resource/authority/data-theme",
              "title": Object {
                "en": "Dataset types Named Authority List",
              },
              "versioninfo": "20160921-0",
              "versionnumber": "20160921-0",
            },
            "id": "http://publications.europa.eu/resource/authority/data-theme/ECON",
            "startUse": "2015-10-01",
            "title": Object {
              "bg": "Икономика и финанси",
              "cs": "Hospodářství a finance",
              "da": "Økonomi og finanser",
              "de": "Wirtschaft und Finanzen",
              "el": "Οικονομία και χρηματοοικονομικά θέματα",
              "en": "Economy and finance",
              "es": "Economía y finanzas",
              "et": "Majandus ja rahandus",
              "fi": "Talous ja raha-asiat",
              "fr": "Économie et finances",
              "ga": "Geilleagar agus airgeadas",
              "hr": "Ekonomija i financije",
              "hu": "Gazdaság és pénzügy",
              "it": "Economia e finanze",
              "lt": "Ekonomika ir finansai",
              "lv": "Ekonomika un finanses",
              "mt": "Ekonomija u finanzi",
              "nb": "Økonomi og finans",
              "nl": "Economie en financiën",
              "pl": "Gospodarka i finanse",
              "pt": "Economia e finanças",
              "ro": "Economie şi finanţe",
              "sk": "Hospodárstvo a financie",
              "sl": "Gospodarstvo in finance",
              "sv": "Ekonomi och finans",
            },
          },
          Object {
            "code": "EDUC",
            "conceptSchema": Object {
              "id": "http://publications.europa.eu/resource/authority/data-theme",
              "title": Object {
                "en": "Dataset types Named Authority List",
              },
              "versioninfo": "20160921-0",
              "versionnumber": "20160921-0",
            },
            "id": "http://publications.europa.eu/resource/authority/data-theme/EDUC",
            "startUse": "2015-10-01",
            "title": Object {
              "bg": "Образование, култура и спорт",
              "cs": "Vzdělávání, kultura a sport",
              "da": "Uddannelse, kultur og sport",
              "de": "Bildung, Kultur und Sport",
              "el": "Παιδεία, πολιτιστικά θέματα και αθλητισμός",
              "en": "Education, culture and sport",
              "es": "Educación, cultura y deportes",
              "et": "Haridus, kultuur ja sport",
              "fi": "Koulutus, kulttuuri ja urheilu",
              "fr": "Éducation, culture et sport",
              "ga": "Oideachas, cultúr agus spórt",
              "hr": "Obrazovanje, kultura i sport",
              "hu": "Oktatás, kultúra és sport",
              "it": "Istruzione, cultura e sport",
              "lt": "Švietimas, kultūra ir sportas",
              "lv": "Izglītība, kultūra un sports",
              "mt": "Edukazzjoni, kultura u sport",
              "nb": "Utdanning, kultur og sport",
              "nl": "Onderwijs, cultuur en sport",
              "pl": "Edukacja, kultura i sport",
              "pt": "Educação, cultura e desporto",
              "ro": "Educaţie, cultură şi sport",
              "sk": "Vzdelávanie, kultúra a šport",
              "sl": "Izobraževanje, kultura in šport",
              "sv": "Utbildning, kultur och sport",
            },
          },
          Object {
            "code": "ENER",
            "conceptSchema": Object {
              "id": "http://publications.europa.eu/resource/authority/data-theme",
              "title": Object {
                "en": "Dataset types Named Authority List",
              },
              "versioninfo": "20160921-0",
              "versionnumber": "20160921-0",
            },
            "id": "http://publications.europa.eu/resource/authority/data-theme/ENER",
            "startUse": "2015-10-01",
            "title": Object {
              "bg": "Енергетика",
              "cs": "Energie",
              "da": "Energi",
              "de": "Energie",
              "el": "Ενέργεια",
              "en": "Energy",
              "es": "Energía",
              "et": "Energeetika",
              "fi": "Energia",
              "fr": "Énergie",
              "ga": "Fuinneamh",
              "hr": "Energetika",
              "hu": "Energia",
              "it": "Energia",
              "lt": "Energetika",
              "lv": "Enerģētika",
              "mt": "Enerġija",
              "nb": "Energi",
              "nl": "Energie",
              "pl": "Energia",
              "pt": "Energia",
              "ro": "Energie",
              "sk": "Energetika",
              "sl": "Energetika",
              "sv": "Energi",
            },
          },
          Object {
            "code": "ENVI",
            "conceptSchema": Object {
              "id": "http://publications.europa.eu/resource/authority/data-theme",
              "title": Object {
                "en": "Dataset types Named Authority List",
              },
              "versioninfo": "20160921-0",
              "versionnumber": "20160921-0",
            },
            "id": "http://publications.europa.eu/resource/authority/data-theme/ENVI",
            "startUse": "2015-10-01",
            "title": Object {
              "bg": "Околна среда",
              "cs": "Životní prostředí",
              "da": "Miljø",
              "de": "Umwelt",
              "el": "Περιβάλλον",
              "en": "Environment",
              "es": "Medio ambiente",
              "et": "Keskkond",
              "fi": "Ympäristö",
              "fr": "Environnement",
              "ga": "Comhshaol",
              "hr": "Okoliš",
              "hu": "Környezet",
              "it": "Ambiente",
              "lt": "Aplinka",
              "lv": "Vide",
              "mt": "Ambjent",
              "nb": "Miljø",
              "nl": "Milieu",
              "pl": "Środowisko",
              "pt": "Ambiente",
              "ro": "Mediu",
              "sk": "Životné prostredie",
              "sl": "Okolje",
              "sv": "Miljö",
            },
          },
          Object {
            "code": "GOVE",
            "conceptSchema": Object {
              "id": "http://publications.europa.eu/resource/authority/data-theme",
              "title": Object {
                "en": "Dataset types Named Authority List",
              },
              "versioninfo": "20160921-0",
              "versionnumber": "20160921-0",
            },
            "id": "http://publications.europa.eu/resource/authority/data-theme/GOVE",
            "startUse": "2015-10-01",
            "title": Object {
              "bg": "Правителство и публичен сектор",
              "cs": "Vláda a veřejný sektor",
              "da": "Regeringen og den offentlige sektor",
              "de": "Regierung und öffentlicher Sektor",
              "el": "Κυβέρνηση και δημόσιος τομέας",
              "en": "Government and public sector",
              "es": "Gobierno y sector público",
              "et": "Valitsus ja avalik sektor",
              "fi": "Valtioneuvosto ja julkinen sektori",
              "fr": "Gouvernement et secteur public",
              "ga": "Rialtas agus earnáil phoiblí",
              "hr": "Vlada i javni sektor",
              "hu": "Kormányzat és közszféra",
              "it": "Governo e settore pubblico",
              "lt": "Vyriausybė ir viešasis sektorius",
              "lv": "Valdība un sabiedriskais sektors",
              "mt": "Gvern u settur pubbliku",
              "nb": "Forvaltning og offentlig sektor",
              "nl": "Overheid en publieke sector",
              "pl": "Rząd i sektor publiczny",
              "pt": "Governo e setor público",
              "ro": "Guvern şi sector public",
              "sk": "Vláda a verejný sektor",
              "sl": "Vlada in javni sektor",
              "sv": "Regeringen och den offentliga sektorn",
            },
          },
          Object {
            "code": "HEAL",
            "conceptSchema": Object {
              "id": "http://publications.europa.eu/resource/authority/data-theme",
              "title": Object {
                "en": "Dataset types Named Authority List",
              },
              "versioninfo": "20160921-0",
              "versionnumber": "20160921-0",
            },
            "id": "http://publications.europa.eu/resource/authority/data-theme/HEAL",
            "startUse": "2015-10-01",
            "title": Object {
              "bg": "Здраве",
              "cs": "Zdraví",
              "da": "Sundhed",
              "de": "Gesundheit",
              "el": "Υγεία",
              "en": "Health",
              "es": "Salud",
              "et": "Tervis",
              "fi": "Terveys",
              "fr": "Santé",
              "ga": "Sláinte",
              "hr": "Zdravlje",
              "hu": "Egészségügy",
              "it": "Salute",
              "lt": "Sveikata",
              "lv": "Veselība",
              "mt": "Saħħa",
              "nb": "Helse",
              "nl": "Gezondheid",
              "pl": "Zdrowie",
              "pt": "Saúde",
              "ro": "Sănătate",
              "sk": "Zdravotníctvo",
              "sl": "Zdravje",
              "sv": "Hälsa",
            },
          },
          Object {
            "code": "INTR",
            "conceptSchema": Object {
              "id": "http://publications.europa.eu/resource/authority/data-theme",
              "title": Object {
                "en": "Dataset types Named Authority List",
              },
              "versioninfo": "20160921-0",
              "versionnumber": "20160921-0",
            },
            "id": "http://publications.europa.eu/resource/authority/data-theme/INTR",
            "startUse": "2015-10-01",
            "title": Object {
              "bg": "Международни въпроси",
              "cs": "Mezinárodní otázky",
              "da": "Internationale spørgsmål",
              "de": "Internationale Themen",
              "el": "Διεθνή θέματα",
              "en": "International issues",
              "es": "Asuntos internacionales",
              "et": "Rahvusvahelised küsimused",
              "fi": "Kansainväliset kysymykset",
              "fr": "Questions internationales",
              "ga": "Saincheisteanna idirnáisiúnta",
              "hr": "Međunarodni pitanja",
              "hu": "Nemzetközi ügyek",
              "it": "Tematiche internazionali",
              "lt": "Tarptautiniai klausimai",
              "lv": "Starptautiski jautājumi",
              "mt": "Kwistjonijiet internazzjonali",
              "nb": "Internasjonale temaer",
              "nl": "Internationale vraagstukken",
              "pl": "Kwestie międzynarodowe",
              "pt": "Questões internacionais",
              "ro": "Chestiuni internaționale",
              "sk": "Medzinárodné otázky",
              "sl": "Mednarodna vprašanja",
              "sv": "Internationella frågor",
            },
          },
          Object {
            "code": "JUST",
            "conceptSchema": Object {
              "id": "http://publications.europa.eu/resource/authority/data-theme",
              "title": Object {
                "en": "Dataset types Named Authority List",
              },
              "versioninfo": "20160921-0",
              "versionnumber": "20160921-0",
            },
            "id": "http://publications.europa.eu/resource/authority/data-theme/JUST",
            "startUse": "2015-10-01",
            "title": Object {
              "bg": "Правосъдие, съдебна система и обществена безопасност",
              "cs": "Spravedlnost, právní systém a veřejná bezpečnost",
              "da": "Retfærdighed, retssystem og offentlig sikkerhed",
              "de": "Justiz, Rechtssystem und öffentliche Sicherheit",
              "el": "Δικαιoσύνη, νομικό σύστημα και δημόσια ασφάλεια",
              "en": "Justice, legal system and public safety",
              "es": "Justicia, sistema judicial y seguridad pública",
              "et": "Õigusemõistmine, õigussüsteem ja avalik turvalisus",
              "fi": "Oikeus, oikeusjärjestelmä ja yleinen turvallisuus",
              "fr": "Justice, système juridique et sécurité publique",
              "ga": "Ceartas, córas dlí agus sábháilteacht an phobail",
              "hr": "Pravosuđe, pravni sustav i javna sigurnost",
              "hu": "Igazságügy, jogrendszer és közbiztonság",
              "it": "Giustizia, sistema giuridico e sicurezza pubblica",
              "lt": "Teisingumas, teisės sistema ir visuomenės sauga",
              "lv": "Tieslietas, tiesību sistēma un sabiedrības drošība",
              "mt": "Ġustizzja, sistema legali u sigurtà pubblika",
              "nb": "Justis, rettssystem og allmenn sikkerhet",
              "nl": "Justitie, rechtsstelsel en openbare veiligheid",
              "pl": "Sprawiedliwość, ustrój sądów i bezpieczeństwo publiczne",
              "pt": "Justiça, sistema judiciário e segurança pública",
              "ro": "Justiție, sistem juridic și siguranță publică",
              "sk": "Spravodlivosť, právny systém a verejná bezpečnosť",
              "sl": "Pravosodje, pravni sistem in javna varnost",
              "sv": "Rättvisa, rättsliga system och allmän säkerhet",
            },
          },
          Object {
            "code": "REGI",
            "conceptSchema": Object {
              "id": "http://publications.europa.eu/resource/authority/data-theme",
              "title": Object {
                "en": "Dataset types Named Authority List",
              },
              "versioninfo": "20160921-0",
              "versionnumber": "20160921-0",
            },
            "id": "http://publications.europa.eu/resource/authority/data-theme/REGI",
            "startUse": "2015-10-01",
            "title": Object {
              "bg": "Региони и градове",
              "cs": "Regiony a města",
              "da": "Regioner og byer",
              "de": "Regionen und Städte",
              "el": "Περιφέρειες και πόλεις",
              "en": "Regions and cities",
              "es": "Regiones y ciudades",
              "et": "Piirkonnad ja linnad",
              "fi": "Alueet ja kaupungit",
              "fr": "Régions et villes",
              "ga": "Réigiúin agus cathracha",
              "hr": "Regije i gradovi",
              "hu": "Régiók és városok",
              "it": "Regioni e città",
              "lt": "Regionai ir miestai",
              "lv": "Reģioni un pilsētas",
              "mt": "Reġjuni u bliet",
              "nb": "Regioner og byer",
              "nl": "Regio's en steden",
              "pl": "Regiony i miasta",
              "pt": "Regiões e cidades",
              "ro": "Regiuni şi orașe",
              "sk": "Regióny a mestá",
              "sl": "Regije in mesta",
              "sv": "Regioner och städer",
            },
          },
          Object {
            "code": "SOCI",
            "conceptSchema": Object {
              "id": "http://publications.europa.eu/resource/authority/data-theme",
              "title": Object {
                "en": "Dataset types Named Authority List",
              },
              "versioninfo": "20160921-0",
              "versionnumber": "20160921-0",
            },
            "id": "http://publications.europa.eu/resource/authority/data-theme/SOCI",
            "startUse": "2015-10-01",
            "title": Object {
              "bg": "Население и общество",
              "cs": "Populace a společnost",
              "da": "Befolkning og samfund",
              "de": "Bevölkerung und Gesellschaft",
              "el": "Πληθυσμός και κοινωνία",
              "en": "Population and society",
              "es": "Población y sociedad",
              "et": "Elanikkond ja ühiskond",
              "fi": "Väestö ja yhteiskunta",
              "fr": "Population et société",
              "ga": "Daonra agus sochaí",
              "hr": "Stanovništvo i društvo",
              "hu": "Népesség és társadalom",
              "it": "Popolazione e società",
              "lt": "Gyventojų skaičius ir visuomenė",
              "lv": "Iedzīvotāji un sabiedrība",
              "mt": "Popolazzjoni u soċjetà",
              "nb": "Befolkning og samfunn",
              "nl": "Bevolking en samenleving",
              "pl": "Ludność i społeczeństwo",
              "pt": "População e sociedade",
              "ro": "Populaţie şi societate",
              "sk": "Obyvateľstvo a spoločnosť",
              "sl": "Prebivalstvo in družba",
              "sv": "Befolkning och samhälle",
            },
          },
          Object {
            "code": "TECH",
            "conceptSchema": Object {
              "id": "http://publications.europa.eu/resource/authority/data-theme",
              "title": Object {
                "en": "Dataset types Named Authority List",
              },
              "versioninfo": "20160921-0",
              "versionnumber": "20160921-0",
            },
            "id": "http://publications.europa.eu/resource/authority/data-theme/TECH",
            "startUse": "2015-10-01",
            "title": Object {
              "bg": "Наука и tехнологии",
              "cs": "Věda a technika",
              "da": "Videnskab og teknologi",
              "de": "Wissenschaft und Technologie",
              "el": "Επιστήμη και τεχνολογία",
              "en": "Science and technology",
              "es": "Ciencia y tecnología",
              "et": "Teadus ja tehnoloogia",
              "fi": "Tiede ja teknologia",
              "fr": "Science et technologie",
              "ga": "Eolaíocht agus teicneolaíocht",
              "hr": "Znanost i tehnologija",
              "hu": "Tudomány és technológia",
              "it": "Scienza e tecnologia",
              "lt": "Mokslas ir technologijos",
              "lv": "Zinātne un tehnoloģija",
              "mt": "Xjenza u teknoloġija",
              "nb": "Vitenskap og teknologi",
              "nl": "Wetenschap en technologie",
              "pl": "Nauka i technologia",
              "pt": "Ciência e tecnologia",
              "ro": "Ştiinţă şi tehnologie",
              "sk": "Veda a technika",
              "sl": "Znanost in tehnologija",
              "sv": "Vetenskap och teknik",
            },
          },
          Object {
            "code": "TRAN",
            "conceptSchema": Object {
              "id": "http://publications.europa.eu/resource/authority/data-theme",
              "title": Object {
                "en": "Dataset types Named Authority List",
              },
              "versioninfo": "20160921-0",
              "versionnumber": "20160921-0",
            },
            "id": "http://publications.europa.eu/resource/authority/data-theme/TRAN",
            "startUse": "2015-10-01",
            "title": Object {
              "bg": "Транспорт",
              "cs": "Doprava",
              "da": "Transport",
              "de": "Verkehr",
              "el": "Μεταφορές",
              "en": "Transport",
              "es": "Transporte",
              "et": "Transport",
              "fi": "Liikenne",
              "fr": "Transports",
              "ga": "Iompar",
              "hr": "Promet",
              "hu": "Közlekedés",
              "it": "Trasporti",
              "lt": "Transportas",
              "lv": "Transports",
              "mt": "Trasport",
              "nb": "Transport",
              "nl": "Vervoer",
              "pl": "Transport",
              "pt": "Transportes",
              "ro": "Transport",
              "sk": "Doprava",
              "sl": "Transport",
              "sv": "Transport",
            },
          },
        ]
      }
    />
    <div
      className="alert alert-danger mt-3"
    />
  </div>
</form>
`;
