// Jest Snapshot v1, https://goo.gl/fbAQLP

exports[`should render FormType, { renderLandingpage  correctly 1`] = `
<form>
  <div
    className="form-group"
  >
    <withState(withHandlers(Helptext))
      helptextItems={
        Object {
          "description": Object {
            "nb": "Referanse til en klassifisering av datasettets type innhold. Refererer til EU publication office sine datasett-typer.
* Datasett som anses som å inneholde data angis med “Data”
* Datasett som anses som metadata (f.eks. Kodelister, Taksonomier og Tesauri) skal angis tilsvarende
* Datasett som anses som testdata angis som “Testdata”",
          },
          "id": "Dataset_type",
          "shortdesc": Object {
            "nb": "Referanse til en klassifisering av datasettets type innhold. Refererer til EU publication office sine datasett-typer",
          },
          "uri": "http://brreg.no/fdk/fields#Dataset_type",
        }
      }
      title="Type"
    />
    <Field
      component={[Function]}
      name="type"
    />
    <div
      className="alert alert-danger mt-3"
    />
  </div>
</form>
`;
