// Jest Snapshot v1, https://goo.gl/fbAQLP

exports[`should render ImportLinkUpload correctly 1`] = `
<PanelBase>
  <div
    className="mb-5"
  >
    <h3>
      Importer API-spesifikasjon via lenke
    </h3>
  </div>
  <div
    className="mb-5"
  >
    <InputField
      input={
        Object {
          "name": "importUrl",
          "onChange": [Function],
        }
      }
      label="Lenke til spesifikasjon"
      meta={
        Object {
          "error": null,
          "touched": false,
          "warning": null,
        }
      }
      showLabel={true}
      type="input"
    />
  </div>
  <Button
    className="mr-3"
    color="primary"
    disabled={true}
    onClick={[MockFunction]}
    tag="button"
    testid="button-upload"
  >
    Importer
  </Button>
  <Button
    className="fdk-color-blue-dark fdk-bg-color-white"
    color="transparent"
    onClick={[MockFunction]}
    tag="button"
    testid="button-cancel"
  >
    Avbryt
  </Button>
</PanelBase>
`;
