// Jest Snapshot v1, https://goo.gl/fbAQLP

exports[`should render FormReference correctly 1`] = `
<form>
  <div
    className="form-group"
  >
    <withState(withHandlers(Helptext))
      helptextItems={
        Object {
          "description": Object {
            "nb": "En generell relasjon som peker til ressurser som er relatert til datasettet.

Angi referanser til andre datasett som gir supplerende informasjon om innholdet. Kan f.eks. være å relatere til et kodeverk.",
          },
          "id": "Dataset_relation",
          "shortdesc": Object {
            "nb": "Referanse til andre datasett som gir supplerende informasjon om innholdet, f.eks. et kodeverk.",
          },
          "uri": "http://brreg.no/fdk/fields#Dataset_relation",
        }
      }
      title="Relasjoner"
    />
    <FieldArray
      component={[Function]}
      name="references"
    />
  </div>
</form>
`;

exports[`should render renderReference correctly 1`] = `
<div>
  <button
    className="fdk-btn-no-border"
    onClick={[Function]}
    type="button"
  >
    <i
      className="fa fa-plus mr-2"
    />
    Legg til relaterte datasett
  </button>
</div>
`;
