// Jest Snapshot v1, https://goo.gl/fbAQLP

exports[`should render FormContentsComponent, { renderS correctly 1`] = `
<form>
  <div
    className="form-group"
  >
    <div
      className="mt-4"
    >
      <div
        className="form-group"
      >
        <withState(withHandlers(Helptext))
          helptextItems={
            Object {
              "description": Object {
                "nb": "Det er behov for å vite om et datasett er i henhold til gitt(e) standard(er).
* Benyttes til å angi at et datasett er i samsvar med en standard, spesifikasjon eller implementasjonsregel. Eksempel: Et datasett er i samsvar med SOSI 4.5 som  innholdsstandard. 
* For referanser til maskinlesbare informasjonsmodeller, skal egenskapen “innholdsspesifikasjon benyttes”",
              },
              "id": "Dataset_conformsTo",
              "shortdesc": Object {
                "nb": "Angi at et datasett er i samsvar med en standard, spesifikasjon eller implementasjonsregel.",
              },
              "uri": "http://brreg.no/fdk/fields#Dataset_conformsTo",
            }
          }
          title="Standard"
        />
        <FieldArray
          component={[Function]}
          linkLabel="Lenke"
          name="conformsTo"
          titleLabel="Tittel"
        />
      </div>
    </div>
  </div>
  <div
    className="form-group"
  >
    <withState(withHandlers(Helptext))
      helptextItems={
        Object {
          "description": Object {
            "nb": "Avvik eller tilleggsopplysninger knyttet til datasettes relevans i ulike brukskontekster
* En vurdering om det er bruksområder datasettet er spesielt velegnet eller ikke bør brukes.",
          },
          "id": "Dataset_hasQualityAnnotation_relevance",
          "shortdesc": Object {
            "nb": "Avvik eller tilleggsopplysninger knyttet til datasettes relevans i ulike brukskontekster
",
          },
          "uri": "http://brreg.no/fdk/fields#Dataset_hasQualityAnnotation_relevance",
        }
      }
      title="Relevans"
    />
    <Field
      component={[Function]}
      label="Relevans"
      name="hasRelevanceAnnotation.hasBody.nb"
    />
  </div>
  <div
    className="form-group"
  >
    <withState(withHandlers(Helptext))
      helptextItems={
        Object {
          "description": Object {
            "nb": "I hvilken grad inneholder datasettet forventede opplysninger
* Kompletthet tolkes i forhold til formålet (utvalget)
* Inneholder datasettet de objekter som nevnt i formålet? ",
          },
          "id": "Dataset_hasQualityAnnotation_completeness",
          "shortdesc": Object {
            "nb": "I hvilken grad inneholder datasettet alle objekter som nevnt i formålet",
          },
          "uri": "http://brreg.no/fdk/fields#Dataset_hasQualityAnnotation_completeness",
        }
      }
      title="Kompletthet"
    />
    <Field
      component={[Function]}
      label="Kompletthet"
      name="hasCompletenessAnnotation.hasBody.nb"
    />
  </div>
  <div
    className="form-group"
  >
    <withState(withHandlers(Helptext))
      helptextItems={
        Object {
          "description": Object {
            "nb": "I hvilken grad datasettet korrekt representerer intensjonen som er angitt av dataeier i formålet
Nøyaktighet skal tolkes i forhold til formålet. 
",
          },
          "id": "Dataset_hasQualityAnnotation_accuracy",
          "shortdesc": Object {
            "nb": "I hvilken grad er innholdet i samsvar med formålet.",
          },
          "uri": "http://brreg.no/fdk/fields#Dataset_hasQualityAnnotation_accuracy",
        }
      }
      title="Nøyaktighet"
    />
    <Field
      component={[Function]}
      label="Nøyaktighet"
      name="hasAccuracyAnnotation.hasBody.nb"
    />
  </div>
  <div
    className="form-group"
  >
    <withState(withHandlers(Helptext))
      helptextItems={
        Object {
          "description": Object {
            "nb": "Avvik eller tilleggsopplysninger knyttet til datasettets tilgjengelighet
* Tilgjengelighet tolkes i forhold til tilgangsnivå og ev. begrensninger utover det som er angitt i behandlingsgrunnlag, skjermings- og utleveringshjemmel.
* Dersom datasettet er åpent men mangler distribusjoner bør årsaken angis her.
",
          },
          "id": "Dataset_hasQualityAnnotation_availability",
          "shortdesc": Object {
            "nb": "Avvik eller tilleggsopplysninger knyttet til datasettes tilgjengelighet.",
          },
          "uri": "http://brreg.no/fdk/fields#Dataset_hasQualityAnnotation_availability",
        }
      }
      title="Tilgjengelighet"
    />
    <Field
      component={[Function]}
      label="Tilgjengelighet"
      name="hasAvailabilityAnnotation.hasBody.nb"
    />
  </div>
</form>
`;

exports[`should render renderStandard correctly 1`] = `<div />`;
