// Jest Snapshot v1, https://goo.gl/fbAQLP

exports[`should render DatasetDescription correctly 1`] = `
<header>
  <div
    className="fdk-detail-date mb-5"
  >
    <HarvestDate
      harvest={
        Object {
          "changed": Array [
            "2018-05-07T01:04:10+0200",
            "2018-05-07T13:59:37+0200",
            "2018-06-12T02:12:48+0200",
            "2018-06-12T10:08:32+0200",
            "2018-06-12T14:13:21+0200",
            "2018-06-12T15:58:34+0200",
            "2018-06-13T01:10:48+0200",
            "2018-06-14T01:10:46+0200",
            "2018-06-15T01:10:47+0200",
            "2018-06-15T14:42:44+0200",
            "2018-06-16T01:10:45+0200",
            "2018-06-17T01:10:45+0200",
            "2018-06-18T01:10:46+0200",
            "2018-06-19T01:10:45+0200",
            "2018-06-20T01:10:45+0200",
            "2018-06-25T16:24:34+0200",
            "2018-06-26T01:00:16+0200",
            "2018-06-27T01:00:15+0200",
            "2018-06-28T01:00:15+0200",
            "2018-06-29T01:00:19+0200",
            "2018-06-30T01:00:16+0200",
            "2018-07-01T01:00:14+0200",
            "2018-07-02T01:00:16+0200",
            "2018-07-02T15:41:19+0200",
            "2018-07-03T01:00:18+0200",
            "2018-07-04T01:00:16+0200",
            "2018-07-05T01:00:17+0200",
            "2018-07-06T01:00:20+0200",
            "2018-07-07T01:00:14+0200",
            "2018-07-08T01:00:15+0200",
            "2018-07-09T01:00:15+0200",
            "2018-07-10T01:00:21+0200",
            "2018-07-13T01:00:16+0200",
            "2018-07-14T01:00:12+0200",
            "2018-07-15T01:00:15+0200",
            "2018-07-16T01:00:13+0200",
            "2018-07-17T01:00:15+0200",
            "2018-07-18T01:00:16+0200",
            "2018-07-19T01:00:13+0200",
            "2018-07-20T01:00:26+0200",
            "2018-07-21T01:00:12+0200",
            "2018-07-22T01:00:12+0200",
            "2018-07-23T01:00:16+0200",
            "2018-07-24T01:00:12+0200",
            "2018-07-25T01:00:12+0200",
            "2018-07-26T01:00:14+0200",
            "2018-07-27T01:00:14+0200",
            "2018-07-28T01:00:15+0200",
            "2018-07-29T01:00:12+0200",
            "2018-07-30T01:00:15+0200",
            "2018-07-31T01:00:14+0200",
            "2018-08-01T01:00:16+0200",
            "2018-08-02T01:00:15+0200",
            "2018-08-03T01:00:15+0200",
            "2018-08-04T01:00:12+0200",
            "2018-08-05T01:00:15+0200",
            "2018-08-06T01:00:15+0200",
            "2018-08-07T01:00:14+0200",
            "2018-08-08T01:00:19+0200",
            "2018-08-09T01:00:15+0200",
            "2018-08-10T01:00:15+0200",
            "2018-08-11T01:00:12+0200",
            "2018-08-12T01:00:15+0200",
            "2018-08-13T01:00:16+0200",
            "2018-08-14T01:00:20+0200",
            "2018-08-15T01:00:13+0200",
            "2018-08-30T12:49:49+0200",
          ],
          "firstHarvested": "2017-12-18T15:51:21+0100",
          "lastChanged": "2018-08-30T12:49:49+0200",
          "lastHarvested": "2018-09-27T01:00:16+0200",
        }
      }
    />
  </div>
  <SearchHitHeader
    nationalComponent={false}
    publisher={
      Object {
        "id": "971040238",
        "naeringskode": Object {
          "code": "71.123",
          "prefLabel": Object {
            "no": "Kart og oppmåling",
          },
          "uri": "http://www.ssb.no/nace/sn2007/71.123",
        },
        "name": "STATENS KARTVERK",
        "orgPath": "/STAT/972417858/971040238",
        "organisasjonsform": "ORGL",
        "overordnetEnhet": "972417858",
        "prefLabel": Object {
          "no": "Kartverket",
        },
        "sektorkode": Object {
          "code": "1110",
          "prefLabel": Object {
            "no": "Statens forretningsdrift",
          },
          "uri": "http://www.brreg.no/sektorkode/1110",
        },
        "type": "no.dcat.datastore.domain.dcat.Publisher",
        "uri": "http://data.brreg.no/enhetsregisteret/enhet/971040238",
        "valid": true,
      }
    }
    publisherItems={null}
    publisherLabel="Owned by"
    tag="h1"
    theme={
      Array [
        Object {
          "code": "GOVE",
          "conceptSchema": Object {
            "id": "http://publications.europa.eu/resource/authority/data-theme",
            "title": Object {
              "en": "Dataset types Named Authority List",
            },
            "versioninfo": "20160921-0",
            "versionnumber": "20160921-0",
          },
          "id": "http://publications.europa.eu/resource/authority/data-theme/GOVE",
          "startUse": "2015-10-01",
          "title": Object {
            "bg": "Правителство и публичен сектор",
            "cs": "Vláda a veřejný sektor",
            "da": "Regeringen og den offentlige sektor",
            "de": "Regierung und öffentlicher Sektor",
            "el": "Κυβέρνηση και δημόσιος τομέας",
            "en": "Government and public sector",
            "es": "Gobierno y sector público",
            "et": "Valitsus ja avalik sektor",
            "fi": "Valtioneuvosto ja julkinen sektori",
            "fr": "Gouvernement et secteur public",
            "ga": "Rialtas agus earnáil phoiblí",
            "hr": "Vlada i javni sektor",
            "hu": "Kormányzat és közszféra",
            "it": "Governo e settore pubblico",
            "lt": "Vyriausybė ir viešasis sektorius",
            "lv": "Valdība un sabiedriskais sektors",
            "mt": "Gvern u settur pubbliku",
            "nb": "Forvaltning og offentlig sektor",
            "nl": "Overheid en publieke sector",
            "pl": "Rząd i sektor publiczny",
            "pt": "Governo e setor público",
            "ro": "Guvern şi sector public",
            "sk": "Vláda a verejný sektor",
            "sl": "Vlada in javni sektor",
            "sv": "Regeringen och den offentliga sektorn",
          },
        },
      ]
    }
    title="Markagrensen"
    titleLink={null}
  />
  <ShowMore
    contentHtml="Datasettet avgrenser område for virkeområdet til lov 6. juni 2009 nr. 35 om naturområder i Oslo og nærliggende kommuner (markaloven) som trådte i kraft 1. september 2009. Markalovens virkeområde er fastsatt i forskrift 4. september 2015 nr. 1032 om justering av markagrensen fastlegger markalovens geografiske virkeområde med tilhørende kart."
    label=""
    showLessButtonText="Show less"
    showMoreButtonText="Show the full description"
  />
</header>
`;

exports[`should render DatasetDescription correctly with no props 1`] = `
<header>
  <div
    className="fdk-detail-date mb-5"
  >
    <HarvestDate
      harvest={null}
    />
  </div>
  <SearchHitHeader
    nationalComponent={false}
    publisher={null}
    publisherItems={null}
    publisherLabel="Owned by"
    tag="h1"
    theme={null}
    title={null}
    titleLink={null}
  />
</header>
`;
