// Jest Snapshot v1, https://goo.gl/fbAQLP

exports[`should render FormTemplate correctly 1`] = `
<div
  className="fdk-reg_collapse fdk-reg_backgroundDefault"
>
  <button
    className="fdk-collapseButton fdk-btn-no-border w-100 p-0"
  >
    <div
      className="d-flex align-items-center"
    >
      <i
        className="fa fa-2x mr-2 fa-angle-down"
      />
      <h2
        className="mb-0 text-ellipsis"
      />
    </div>
  </button>
  <Collapse
    appear={false}
    className="mt-3"
    enter={true}
    exit={true}
    in={false}
    isOpen={false}
    mountOnEnter={false}
    onEnter={[Function]}
    onEntered={[Function]}
    onEntering={[Function]}
    onExit={[Function]}
    onExited={[Function]}
    onExiting={[Function]}
    tag="div"
    timeout={350}
    unmountOnExit={false}
  />
</div>
`;
